// Jest Snapshot v1, https://goo.gl/fbAQLP

exports[`Song component renders Song 1`] = `
<Link
  to="/song//"
/>
`;
