// Jest Snapshot v1, https://goo.gl/fbAQLP

exports[`Songs component renders Songs 1`] = `<ul />`;
