// Jest Snapshot v1, https://goo.gl/fbAQLP

exports[`Artists component renders Artists 1`] = `<ul />`;
