// Jest Snapshot v1, https://goo.gl/fbAQLP

exports[`Artist component renders Artist 1`] = `
<section>
  <Link
    className="Artist"
    to="/artist//"
  />
</section>
`;
